weeide.fb/CApplication.bas
weeide.fb/CApplication.bi
weeide.fb/CCodeEditControl.bas
weeide.fb/CCodeEditControl.bi
weeide.fb/CDocuments.bas
weeide.fb/CDocuments.bi
weeide.fb/CList.bas
weeide.fb/CList.bi
weeide.fb/common.bi
weeide.fb/COutputControl.bas
weeide.fb/COutputControl.bi
weeide.fb/CWindow.bas
weeide.fb/CWindow.bi
weeide.fb/CWindowInfo.bas
weeide.fb/CWindowInfo.bi
weeide.fb/CWindowProps.bas
weeide.fb/CWindowProps.bi
weeide.fb/makefile
weeide.fb/mkwiki.bas
weeide.fb/mkwiki.bi
weeide.fb/mkwiki_getindex.bas
weeide.fb/mkwiki_login.bas
weeide.fb/mkwiki_login.bi
weeide.fb/mkwiki_preview.bas
weeide.fb/resource.bi
weeide.fb/resource.obj
weeide.fb/resource.rc
weeide.fb/TString.bas
weeide.fb/TString.bi
weeide.fb/utils.bas
weeide.fb/utils.bi
weeide.fb/weeide.bas
weeide.fb/weeide.bi
weeide.fb/weeide_about.bas
weeide.fb/weeide_about.bi
weeide.fb/weeide_code.bas
weeide.fb/weeide_code.bi
weeide.fb/weeide_edit.bas
weeide.fb/weeide_edit.bi
weeide.fb/weeide_fb.rc
weeide.fb/weeide_find.bas
weeide.fb/weeide_find.bi
weeide.fb/weeide_html.bas
weeide.fb/weeide_html.bi
weeide.fb/weeide_main.bas
weeide.fb/weeide_main.bi
weeide.fb/weeide_menu.bas
weeide.fb/weeide_menu.bi
weeide.fb/weeide_resource.bi
weeide.fb/weeide_wiki.bas
weeide.fb/weeide_wiki.bi
weeide.fb/obj/deleteme.txt
weeide.fb/res/document.ico
weeide.fb/res/document_large.ico
weeide.fb/res/document_small.ico
weeide.fb/res/weeide.exe.manifest
weeide.fb/res/weeide.ico
weeide.fb/res/weeide_large.ico
weeide.fb/res/weeide_small.ico
weeide.fb/libwebctrl.a
weeide.fb/webctrl/CBrowser.bas
weeide.fb/webctrl/CBrowser.bi
weeide.fb/webctrl/CClientSite.bas
weeide.fb/webctrl/CClientSite.bi
weeide.fb/webctrl/CInPlaceFrame.bas
weeide.fb/webctrl/CInPlaceFrame.bi
weeide.fb/webctrl/CInPlaceSite.bas
weeide.fb/webctrl/CInPlaceSite.bi
weeide.fb/webctrl/Common.bi
weeide.fb/webctrl/Makefile
weeide.fb/webctrl/webctrl.bas
weeide.fb/webctrl/webctrl.bi
weeide.fb/webctrl/obj/deleteme.txt
